******************************************************************************
                  MSP430 Linker PC v15.12.3                    
******************************************************************************
>> Linked Tue Sep 27 19:51:20 2016

OUTPUT FILE NAME:   <handling-module-MSP430G2452.out>
ENTRY POINT SYMBOL: "_c_int00_noinit_noargs_noexit"  address: 0000ed6c


MEMORY CONFIGURATION

         name            origin    length      used     unused   attr    fill
----------------------  --------  ---------  --------  --------  ----  --------
  SFR                   00000000   00000010  00000000  00000010  RWIX
  PERIPHERALS_8BIT      00000010   000000f0  00000000  000000f0  RWIX
  PERIPHERALS_16BIT     00000100   00000100  00000000  00000100  RWIX
  RAM                   00000200   00000100  00000050  000000b0  RWIX
  INFOD                 00001000   00000040  00000000  00000040  RWIX
  INFOC                 00001040   00000040  00000000  00000040  RWIX
  INFOB                 00001080   00000040  00000000  00000040  RWIX
  INFOA                 000010c0   00000040  00000000  00000040  RWIX
  FLASH                 0000e000   00001fe0  00000de4  000011fc  RWIX
  INT00                 0000ffe0   00000002  00000000  00000002  RWIX
  INT01                 0000ffe2   00000002  00000000  00000002  RWIX
  INT02                 0000ffe4   00000002  00000002  00000000  RWIX
  INT03                 0000ffe6   00000002  00000002  00000000  RWIX
  INT04                 0000ffe8   00000002  00000002  00000000  RWIX
  INT05                 0000ffea   00000002  00000002  00000000  RWIX
  INT06                 0000ffec   00000002  00000000  00000002  RWIX
  INT07                 0000ffee   00000002  00000000  00000002  RWIX
  INT08                 0000fff0   00000002  00000002  00000000  RWIX
  INT09                 0000fff2   00000002  00000002  00000000  RWIX
  INT10                 0000fff4   00000002  00000002  00000000  RWIX
  INT11                 0000fff6   00000002  00000002  00000000  RWIX
  INT12                 0000fff8   00000002  00000000  00000002  RWIX
  INT13                 0000fffa   00000002  00000000  00000002  RWIX
  INT14                 0000fffc   00000002  00000002  00000000  RWIX
  RESET                 0000fffe   00000002  00000002  00000000  RWIX


SECTION ALLOCATION MAP

 output                                  attributes/
section   page    origin      length       input sections
--------  ----  ----------  ----------   ----------------
.stack     0    000002b0    00000050     UNINITIALIZED
                  000002b0    00000002     rts430_eabi.lib : boot.obj (.stack)
                  000002b2    0000004e     --HOLE--

.text      0    0000e000    00000de4     
                  0000e000    000002e8     rts430_eabi.lib : addd.obj (.text:__mspabi_addd)
                  0000e2e8    00000260                     : frcaddd.obj (.text:__TI_frcaddd)
                  0000e548    00000132                     : fs_add.obj (.text)
                  0000e67a    00000106     main.obj (.text:main)
                  0000e780    000000dc     rts430_eabi.lib : cmpd.obj (.text:__mspabi_cmpd)
                  0000e85c    000000c4                     : fs_mpy.obj (.text)
                  0000e920    000000be                     : renormd.obj (.text:__TI_renormd)
                  0000e9de    0000009c                     : fs_div.obj (.text)
                  0000ea7a    0000008c                     : cvtdf.obj (.text:__mspabi_cvtdf)
                  0000eb06    00000072                     : cvtfd.obj (.text:__mspabi_cvtfd)
                  0000eb78    0000005c                     : lsr32.obj (.text:l_lsr_const)
                  0000ebd4    0000004c                     : lsr16.obj (.text)
                  0000ec20    00000046                     : fs_tou.obj (.text)
                  0000ec66    0000003e                     : asr32.obj (.text:l_asr_const)
                  0000eca4    0000003e                     : lsl32.obj (.text:l_lsl_const)
                  0000ece2    00000032     main.obj (.text:changeDutyCycle)
                  0000ed14    0000002c     rts430_eabi.lib : asr16.obj (.text)
                  0000ed40    0000002c                     : lsl16.obj (.text)
                  0000ed6c    00000012                     : boot_special.obj (.text:_c_int00_noinit_noargs_noexit)
                  0000ed7e    00000012     main.obj (.text:configCLK)
                  0000ed90    00000012     rts430_eabi.lib : lsr32.obj (.text:l_lsr)
                  0000eda2    00000010                     : asr32.obj (.text:l_asr)
                  0000edb2    00000010                     : lsl32.obj (.text:l_lsl)
                  0000edc2    00000010                     : epilog.obj (.text)
                  0000edd2    00000008                     : isr_trap.obj (.text:_isr:__TI_ISR_TRAP)
                  0000edda    00000006                     : exit.obj (.text:abort)
                  0000ede0    00000004                     : pre_init.obj (.text:_system_pre_init)

.cinit     0    0000e000    00000000     UNINITIALIZED

.binit     0    0000e000    00000000     

.init_array 
*          0    0000e000    00000000     UNINITIALIZED

PORT1      0    0000ffe4    00000002     
                  0000ffe4    00000002     rts430_eabi.lib : int02.obj (.int02)

PORT2      0    0000ffe6    00000002     
                  0000ffe6    00000002     rts430_eabi.lib : int03.obj (.int03)

USI        0    0000ffe8    00000002     
                  0000ffe8    00000002     rts430_eabi.lib : int04.obj (.int04)

ADC10      0    0000ffea    00000002     
                  0000ffea    00000002     rts430_eabi.lib : int05.obj (.int05)

TIMER0_A1 
*          0    0000fff0    00000002     
                  0000fff0    00000002     rts430_eabi.lib : int08.obj (.int08)

TIMER0_A0 
*          0    0000fff2    00000002     
                  0000fff2    00000002     rts430_eabi.lib : int09.obj (.int09)

WDT        0    0000fff4    00000002     
                  0000fff4    00000002     rts430_eabi.lib : int10.obj (.int10)

COMPARATORA 
*          0    0000fff6    00000002     
                  0000fff6    00000002     rts430_eabi.lib : int11.obj (.int11)

NMI        0    0000fffc    00000002     
                  0000fffc    00000002     rts430_eabi.lib : int14.obj (.int14)

.reset     0    0000fffe    00000002     
                  0000fffe    00000002     rts430_eabi.lib : boot.obj (.reset)

MODULE SUMMARY

       Module             code   ro data   rw data
       ------             ----   -------   -------
    .\
       main.obj           330    0         0      
    +--+------------------+------+---------+---------+
       Total:             330    0         0      
                                                  
    C:\ti\ccsv6\tools\compiler\msp430_15.12.3.LTS\lib\rts430_eabi.lib
       addd.obj           744    0         0      
       frcaddd.obj        608    0         0      
       fs_add.obj         306    0         0      
       cmpd.obj           220    0         0      
       fs_mpy.obj         196    0         0      
       renormd.obj        190    0         0      
       fs_div.obj         156    0         0      
       cvtdf.obj          140    0         0      
       cvtfd.obj          114    0         0      
       lsr32.obj          110    0         0      
       asr32.obj          78     0         0      
       lsl32.obj          78     0         0      
       lsr16.obj          76     0         0      
       fs_tou.obj         70     0         0      
       asr16.obj          44     0         0      
       lsl16.obj          44     0         0      
       boot_special.obj   18     0         0      
       epilog.obj         16     0         0      
       isr_trap.obj       8      0         0      
       exit.obj           6      0         0      
       pre_init.obj       4      0         0      
       boot.obj           0      2         0      
       int02.obj          0      2         0      
       int03.obj          0      2         0      
       int04.obj          0      2         0      
       int05.obj          0      2         0      
       int08.obj          0      2         0      
       int09.obj          0      2         0      
       int10.obj          0      2         0      
       int11.obj          0      2         0      
       int14.obj          0      2         0      
    +--+------------------+------+---------+---------+
       Total:             3226   20        0      
                                                  
       Stack:             0      0         80     
    +--+------------------+------+---------+---------+
       Grand Total:       3556   20        80     


GLOBAL SYMBOLS: SORTED ALPHABETICALLY BY Name 

address   name                         
-------   ----                         
0000004a  ADC10AE0                     
000001b0  ADC10CTL0                    
000001b2  ADC10CTL1                    
00000048  ADC10DTC0                    
00000049  ADC10DTC1                    
000001b4  ADC10MEM                     
000001bc  ADC10SA                      
00000057  BCSCTL1                      
00000058  BCSCTL2                      
00000053  BCSCTL3                      
0000edda  C$$EXIT                      
00000059  CACTL1                       
0000005a  CACTL2                       
000010fb  CALBC1_12MHZ                 
000010f9  CALBC1_16MHZ                 
000010ff  CALBC1_1MHZ                  
000010fd  CALBC1_8MHZ                  
000010fa  CALDCO_12MHZ                 
000010f8  CALDCO_16MHZ                 
000010fe  CALDCO_1MHZ                  
000010fc  CALDCO_8MHZ                  
0000005b  CAPD                         
00000056  DCOCTL                       
00000128  FCTL1                        
0000012a  FCTL2                        
0000012c  FCTL3                        
00000000  IE1                          
00000002  IFG1                         
00000022  P1DIR                        
00000025  P1IE                         
00000024  P1IES                        
00000023  P1IFG                        
00000020  P1IN                         
00000021  P1OUT                        
00000027  P1REN                        
00000026  P1SEL                        
00000041  P1SEL2                       
0000002a  P2DIR                        
0000002d  P2IE                         
0000002c  P2IES                        
0000002b  P2IFG                        
00000028  P2IN                         
00000029  P2OUT                        
0000002f  P2REN                        
0000002e  P2SEL                        
00000042  P2SEL2                       
00000172  TA0CCR0                      
00000174  TA0CCR1                      
00000176  TA0CCR2                      
00000162  TA0CCTL0                     
00000164  TA0CCTL1                     
00000166  TA0CCTL2                     
00000160  TA0CTL                       
0000012e  TA0IV                        
00000170  TA0R                         
000010db  TLV_ADC10_1_LEN              
000010da  TLV_ADC10_1_TAG              
000010c0  TLV_CHECKSUM                 
000010f7  TLV_DCO_30_LEN               
000010f6  TLV_DCO_30_TAG               
0000007a  USICCTL                      
0000007a  USICKCTL                     
0000007b  USICNT                       
00000078  USICTL                       
00000078  USICTL0                      
00000079  USICTL1                      
0000007c  USISR                        
0000007d  USISRH                       
0000007c  USISRL                       
00000120  WDTCTL                       
00000300  __STACK_END                  
00000050  __STACK_SIZE                 
0000edd2  __TI_ISR_TRAP                
0000e2e8  __TI_frcaddd                 
0000ffe4  __TI_int02                   
0000ffe6  __TI_int03                   
0000ffe8  __TI_int04                   
0000ffea  __TI_int05                   
0000fff0  __TI_int08                   
0000fff2  __TI_int09                   
0000fff4  __TI_int10                   
0000fff6  __TI_int11                   
0000fffc  __TI_int14                   
ffffffff  __TI_pprof_out_hndl          
ffffffff  __TI_prof_data_size          
ffffffff  __TI_prof_data_start         
0000e920  __TI_renormd                 
ffffffff  __c_args__                   
0000e000  __mspabi_addd                
0000e54e  __mspabi_addf                
0000e780  __mspabi_cmpd                
0000ea7a  __mspabi_cvtdf               
0000eb06  __mspabi_cvtfd               
0000e9de  __mspabi_divf                
0000ec20  __mspabi_fixfu               
0000edce  __mspabi_func_epilog_1       
0000edcc  __mspabi_func_epilog_2       
0000edca  __mspabi_func_epilog_3       
0000edc8  __mspabi_func_epilog_4       
0000edc6  __mspabi_func_epilog_5       
0000edc4  __mspabi_func_epilog_6       
0000edc2  __mspabi_func_epilog_7       
0000e85c  __mspabi_mpyf                
0000ed40  __mspabi_slli                
0000ed68  __mspabi_slli_1              
0000ed56  __mspabi_slli_10             
0000ed54  __mspabi_slli_11             
0000ed52  __mspabi_slli_12             
0000ed50  __mspabi_slli_13             
0000ed4e  __mspabi_slli_14             
0000ed4c  __mspabi_slli_15             
0000ed66  __mspabi_slli_2              
0000ed64  __mspabi_slli_3              
0000ed62  __mspabi_slli_4              
0000ed60  __mspabi_slli_5              
0000ed5e  __mspabi_slli_6              
0000ed5c  __mspabi_slli_7              
0000ed5a  __mspabi_slli_8              
0000ed58  __mspabi_slli_9              
0000edb2  __mspabi_slll                
0000ecdc  __mspabi_slll_1              
0000ecb8  __mspabi_slll_10             
0000ecb4  __mspabi_slll_11             
0000ecb0  __mspabi_slll_12             
0000ecac  __mspabi_slll_13             
0000eca8  __mspabi_slll_14             
0000eca4  __mspabi_slll_15             
0000ecd8  __mspabi_slll_2              
0000ecd4  __mspabi_slll_3              
0000ecd0  __mspabi_slll_4              
0000eccc  __mspabi_slll_5              
0000ecc8  __mspabi_slll_6              
0000ecc4  __mspabi_slll_7              
0000ecc0  __mspabi_slll_8              
0000ecbc  __mspabi_slll_9              
0000ed14  __mspabi_srai                
0000ed3c  __mspabi_srai_1              
0000ed2a  __mspabi_srai_10             
0000ed28  __mspabi_srai_11             
0000ed26  __mspabi_srai_12             
0000ed24  __mspabi_srai_13             
0000ed22  __mspabi_srai_14             
0000ed20  __mspabi_srai_15             
0000ed3a  __mspabi_srai_2              
0000ed38  __mspabi_srai_3              
0000ed36  __mspabi_srai_4              
0000ed34  __mspabi_srai_5              
0000ed32  __mspabi_srai_6              
0000ed30  __mspabi_srai_7              
0000ed2e  __mspabi_srai_8              
0000ed2c  __mspabi_srai_9              
0000eda2  __mspabi_sral                
0000ec9e  __mspabi_sral_1              
0000ec7a  __mspabi_sral_10             
0000ec76  __mspabi_sral_11             
0000ec72  __mspabi_sral_12             
0000ec6e  __mspabi_sral_13             
0000ec6a  __mspabi_sral_14             
0000ec66  __mspabi_sral_15             
0000ec9a  __mspabi_sral_2              
0000ec96  __mspabi_sral_3              
0000ec92  __mspabi_sral_4              
0000ec8e  __mspabi_sral_5              
0000ec8a  __mspabi_sral_6              
0000ec86  __mspabi_sral_7              
0000ec82  __mspabi_sral_8              
0000ec7e  __mspabi_sral_9              
0000ebd4  __mspabi_srli                
0000ec1a  __mspabi_srli_1              
0000ebf6  __mspabi_srli_10             
0000ebf2  __mspabi_srli_11             
0000ebee  __mspabi_srli_12             
0000ebea  __mspabi_srli_13             
0000ebe6  __mspabi_srli_14             
0000ebe2  __mspabi_srli_15             
0000ec16  __mspabi_srli_2              
0000ec12  __mspabi_srli_3              
0000ec0e  __mspabi_srli_4              
0000ec0a  __mspabi_srli_5              
0000ec06  __mspabi_srli_6              
0000ec02  __mspabi_srli_7              
0000ebfe  __mspabi_srli_8              
0000ebfa  __mspabi_srli_9              
0000ed90  __mspabi_srll                
0000ebcc  __mspabi_srll_1              
0000eb96  __mspabi_srll_10             
0000eb90  __mspabi_srll_11             
0000eb8a  __mspabi_srll_12             
0000eb84  __mspabi_srll_13             
0000eb7e  __mspabi_srll_14             
0000eb78  __mspabi_srll_15             
0000ebc6  __mspabi_srll_2              
0000ebc0  __mspabi_srll_3              
0000ebba  __mspabi_srll_4              
0000ebb4  __mspabi_srll_5              
0000ebae  __mspabi_srll_6              
0000eba8  __mspabi_srll_7              
0000eba2  __mspabi_srll_8              
0000eb9c  __mspabi_srll_9              
0000e548  __mspabi_subf                
0000ed6c  _c_int00_noinit_noargs_noexit
0000fffe  _reset_vector                
000002b0  _stack                       
0000ede0  _system_pre_init             
0000edda  abort                        
0000ece2  changeDutyCycle              
0000ed7e  configCLK                    
0000e67a  main                         


GLOBAL SYMBOLS: SORTED BY Symbol Address 

address   name                         
-------   ----                         
00000000  IE1                          
00000002  IFG1                         
00000020  P1IN                         
00000021  P1OUT                        
00000022  P1DIR                        
00000023  P1IFG                        
00000024  P1IES                        
00000025  P1IE                         
00000026  P1SEL                        
00000027  P1REN                        
00000028  P2IN                         
00000029  P2OUT                        
0000002a  P2DIR                        
0000002b  P2IFG                        
0000002c  P2IES                        
0000002d  P2IE                         
0000002e  P2SEL                        
0000002f  P2REN                        
00000041  P1SEL2                       
00000042  P2SEL2                       
00000048  ADC10DTC0                    
00000049  ADC10DTC1                    
0000004a  ADC10AE0                     
00000050  __STACK_SIZE                 
00000053  BCSCTL3                      
00000056  DCOCTL                       
00000057  BCSCTL1                      
00000058  BCSCTL2                      
00000059  CACTL1                       
0000005a  CACTL2                       
0000005b  CAPD                         
00000078  USICTL                       
00000078  USICTL0                      
00000079  USICTL1                      
0000007a  USICCTL                      
0000007a  USICKCTL                     
0000007b  USICNT                       
0000007c  USISR                        
0000007c  USISRL                       
0000007d  USISRH                       
00000120  WDTCTL                       
00000128  FCTL1                        
0000012a  FCTL2                        
0000012c  FCTL3                        
0000012e  TA0IV                        
00000160  TA0CTL                       
00000162  TA0CCTL0                     
00000164  TA0CCTL1                     
00000166  TA0CCTL2                     
00000170  TA0R                         
00000172  TA0CCR0                      
00000174  TA0CCR1                      
00000176  TA0CCR2                      
000001b0  ADC10CTL0                    
000001b2  ADC10CTL1                    
000001b4  ADC10MEM                     
000001bc  ADC10SA                      
000002b0  _stack                       
00000300  __STACK_END                  
000010c0  TLV_CHECKSUM                 
000010da  TLV_ADC10_1_TAG              
000010db  TLV_ADC10_1_LEN              
000010f6  TLV_DCO_30_TAG               
000010f7  TLV_DCO_30_LEN               
000010f8  CALDCO_16MHZ                 
000010f9  CALBC1_16MHZ                 
000010fa  CALDCO_12MHZ                 
000010fb  CALBC1_12MHZ                 
000010fc  CALDCO_8MHZ                  
000010fd  CALBC1_8MHZ                  
000010fe  CALDCO_1MHZ                  
000010ff  CALBC1_1MHZ                  
0000e000  __mspabi_addd                
0000e2e8  __TI_frcaddd                 
0000e548  __mspabi_subf                
0000e54e  __mspabi_addf                
0000e67a  main                         
0000e780  __mspabi_cmpd                
0000e85c  __mspabi_mpyf                
0000e920  __TI_renormd                 
0000e9de  __mspabi_divf                
0000ea7a  __mspabi_cvtdf               
0000eb06  __mspabi_cvtfd               
0000eb78  __mspabi_srll_15             
0000eb7e  __mspabi_srll_14             
0000eb84  __mspabi_srll_13             
0000eb8a  __mspabi_srll_12             
0000eb90  __mspabi_srll_11             
0000eb96  __mspabi_srll_10             
0000eb9c  __mspabi_srll_9              
0000eba2  __mspabi_srll_8              
0000eba8  __mspabi_srll_7              
0000ebae  __mspabi_srll_6              
0000ebb4  __mspabi_srll_5              
0000ebba  __mspabi_srll_4              
0000ebc0  __mspabi_srll_3              
0000ebc6  __mspabi_srll_2              
0000ebcc  __mspabi_srll_1              
0000ebd4  __mspabi_srli                
0000ebe2  __mspabi_srli_15             
0000ebe6  __mspabi_srli_14             
0000ebea  __mspabi_srli_13             
0000ebee  __mspabi_srli_12             
0000ebf2  __mspabi_srli_11             
0000ebf6  __mspabi_srli_10             
0000ebfa  __mspabi_srli_9              
0000ebfe  __mspabi_srli_8              
0000ec02  __mspabi_srli_7              
0000ec06  __mspabi_srli_6              
0000ec0a  __mspabi_srli_5              
0000ec0e  __mspabi_srli_4              
0000ec12  __mspabi_srli_3              
0000ec16  __mspabi_srli_2              
0000ec1a  __mspabi_srli_1              
0000ec20  __mspabi_fixfu               
0000ec66  __mspabi_sral_15             
0000ec6a  __mspabi_sral_14             
0000ec6e  __mspabi_sral_13             
0000ec72  __mspabi_sral_12             
0000ec76  __mspabi_sral_11             
0000ec7a  __mspabi_sral_10             
0000ec7e  __mspabi_sral_9              
0000ec82  __mspabi_sral_8              
0000ec86  __mspabi_sral_7              
0000ec8a  __mspabi_sral_6              
0000ec8e  __mspabi_sral_5              
0000ec92  __mspabi_sral_4              
0000ec96  __mspabi_sral_3              
0000ec9a  __mspabi_sral_2              
0000ec9e  __mspabi_sral_1              
0000eca4  __mspabi_slll_15             
0000eca8  __mspabi_slll_14             
0000ecac  __mspabi_slll_13             
0000ecb0  __mspabi_slll_12             
0000ecb4  __mspabi_slll_11             
0000ecb8  __mspabi_slll_10             
0000ecbc  __mspabi_slll_9              
0000ecc0  __mspabi_slll_8              
0000ecc4  __mspabi_slll_7              
0000ecc8  __mspabi_slll_6              
0000eccc  __mspabi_slll_5              
0000ecd0  __mspabi_slll_4              
0000ecd4  __mspabi_slll_3              
0000ecd8  __mspabi_slll_2              
0000ecdc  __mspabi_slll_1              
0000ece2  changeDutyCycle              
0000ed14  __mspabi_srai                
0000ed20  __mspabi_srai_15             
0000ed22  __mspabi_srai_14             
0000ed24  __mspabi_srai_13             
0000ed26  __mspabi_srai_12             
0000ed28  __mspabi_srai_11             
0000ed2a  __mspabi_srai_10             
0000ed2c  __mspabi_srai_9              
0000ed2e  __mspabi_srai_8              
0000ed30  __mspabi_srai_7              
0000ed32  __mspabi_srai_6              
0000ed34  __mspabi_srai_5              
0000ed36  __mspabi_srai_4              
0000ed38  __mspabi_srai_3              
0000ed3a  __mspabi_srai_2              
0000ed3c  __mspabi_srai_1              
0000ed40  __mspabi_slli                
0000ed4c  __mspabi_slli_15             
0000ed4e  __mspabi_slli_14             
0000ed50  __mspabi_slli_13             
0000ed52  __mspabi_slli_12             
0000ed54  __mspabi_slli_11             
0000ed56  __mspabi_slli_10             
0000ed58  __mspabi_slli_9              
0000ed5a  __mspabi_slli_8              
0000ed5c  __mspabi_slli_7              
0000ed5e  __mspabi_slli_6              
0000ed60  __mspabi_slli_5              
0000ed62  __mspabi_slli_4              
0000ed64  __mspabi_slli_3              
0000ed66  __mspabi_slli_2              
0000ed68  __mspabi_slli_1              
0000ed6c  _c_int00_noinit_noargs_noexit
0000ed7e  configCLK                    
0000ed90  __mspabi_srll                
0000eda2  __mspabi_sral                
0000edb2  __mspabi_slll                
0000edc2  __mspabi_func_epilog_7       
0000edc4  __mspabi_func_epilog_6       
0000edc6  __mspabi_func_epilog_5       
0000edc8  __mspabi_func_epilog_4       
0000edca  __mspabi_func_epilog_3       
0000edcc  __mspabi_func_epilog_2       
0000edce  __mspabi_func_epilog_1       
0000edd2  __TI_ISR_TRAP                
0000edda  C$$EXIT                      
0000edda  abort                        
0000ede0  _system_pre_init             
0000ffe4  __TI_int02                   
0000ffe6  __TI_int03                   
0000ffe8  __TI_int04                   
0000ffea  __TI_int05                   
0000fff0  __TI_int08                   
0000fff2  __TI_int09                   
0000fff4  __TI_int10                   
0000fff6  __TI_int11                   
0000fffc  __TI_int14                   
0000fffe  _reset_vector                
ffffffff  __TI_pprof_out_hndl          
ffffffff  __TI_prof_data_size          
ffffffff  __TI_prof_data_start         
ffffffff  __c_args__                   

[208 symbols]
